[    1193ms] [INFO] %cDownload the React DevTools for a better development experience: https://react.dev/link/react-devtools font-weight:bold @ http://localhost:3000/.vite-cache-v2/deps/react-dom_client.js?v=6b3347e5:5
[    1644ms] [WARNING] [supabase] Missing VITE_SUPABASE_URL or VITE_SUPABASE_ANON_KEY — add them to .env.local (see .env.example). @ http://localhost:3000/src/lib/supabase-storage.js:23
[  357231ms] [INFO] %cDownload the React DevTools for a better development experience: https://react.dev/link/react-devtools font-weight:bold @ http://localhost:3000/.vite-cache-v2/deps/react-dom_client.js?v=6b3347e5:5
[  357584ms] [WARNING] [supabase] Missing VITE_SUPABASE_URL or VITE_SUPABASE_ANON_KEY — add them to .env.local (see .env.example). @ http://localhost:3000/src/lib/supabase-storage.js:23
[  372940ms] [INFO] %cDownload the React DevTools for a better development experience: https://react.dev/link/react-devtools font-weight:bold @ http://localhost:3000/.vite-cache-v2/deps/react-dom_client.js?v=6b3347e5:5
[  373176ms] [WARNING] [supabase] Missing VITE_SUPABASE_URL or VITE_SUPABASE_ANON_KEY — add them to .env.local (see .env.example). @ http://localhost:3000/src/lib/supabase-storage.js:23
[  398097ms] [LOG] [vite] server connection lost. Polling for restart... @ http://localhost:3000/@vite/client:963
[  398104ms] [ERROR] WebSocket connection to 'ws://localhost:24678/' failed: Error in connection establishment: net::ERR_CONNECTION_REFUSED @ http://localhost:3000/@vite/client:1034
[  399108ms] [ERROR] WebSocket connection to 'ws://localhost:24678/' failed: Error in connection establishment: net::ERR_CONNECTION_REFUSED @ http://localhost:3000/@vite/client:1034
[  400119ms] [ERROR] WebSocket connection to 'ws://localhost:24678/' failed: Error in connection establishment: net::ERR_CONNECTION_REFUSED @ http://localhost:3000/@vite/client:1034
[  401130ms] [ERROR] WebSocket connection to 'ws://localhost:24678/' failed: Error in connection establishment: net::ERR_CONNECTION_REFUSED @ http://localhost:3000/@vite/client:1034
[  402147ms] [ERROR] WebSocket connection to 'ws://localhost:24678/' failed: Error in connection establishment: net::ERR_CONNECTION_REFUSED @ http://localhost:3000/@vite/client:1034
[  403166ms] [ERROR] WebSocket connection to 'ws://localhost:24678/' failed: Error in connection establishment: net::ERR_CONNECTION_REFUSED @ http://localhost:3000/@vite/client:1034
[  404181ms] [ERROR] WebSocket connection to 'ws://localhost:24678/' failed: Error in connection establishment: net::ERR_CONNECTION_REFUSED @ http://localhost:3000/@vite/client:1034
[  405187ms] [ERROR] WebSocket connection to 'ws://localhost:24678/' failed: Error in connection establishment: net::ERR_CONNECTION_REFUSED @ http://localhost:3000/@vite/client:1034
[  406200ms] [ERROR] WebSocket connection to 'ws://localhost:24678/' failed: Error in connection establishment: net::ERR_CONNECTION_REFUSED @ http://localhost:3000/@vite/client:1034
[  407207ms] [ERROR] WebSocket connection to 'ws://localhost:24678/' failed: Error in connection establishment: net::ERR_CONNECTION_REFUSED @ http://localhost:3000/@vite/client:1034
[  408230ms] [ERROR] WebSocket connection to 'ws://localhost:24678/' failed: Error in connection establishment: net::ERR_CONNECTION_REFUSED @ http://localhost:3000/@vite/client:1034
[  409245ms] [ERROR] WebSocket connection to 'ws://localhost:24678/' failed: Error in connection establishment: net::ERR_CONNECTION_REFUSED @ http://localhost:3000/@vite/client:1034
[  410281ms] [ERROR] WebSocket connection to 'ws://localhost:24678/' failed: Error in connection establishment: net::ERR_CONNECTION_REFUSED @ http://localhost:3000/@vite/client:1034
[  411300ms] [ERROR] WebSocket connection to 'ws://localhost:24678/' failed: Error in connection establishment: net::ERR_CONNECTION_REFUSED @ http://localhost:3000/@vite/client:1034
[  412314ms] [ERROR] WebSocket connection to 'ws://localhost:24678/' failed: Error in connection establishment: net::ERR_CONNECTION_REFUSED @ http://localhost:3000/@vite/client:1034
[  413340ms] [ERROR] WebSocket connection to 'ws://localhost:24678/' failed: Error in connection establishment: net::ERR_CONNECTION_REFUSED @ http://localhost:3000/@vite/client:1034
[  414360ms] [ERROR] WebSocket connection to 'ws://localhost:24678/' failed: Error in connection establishment: net::ERR_CONNECTION_REFUSED @ http://localhost:3000/@vite/client:1034
[  415388ms] [ERROR] WebSocket connection to 'ws://localhost:24678/' failed: Error in connection establishment: net::ERR_CONNECTION_REFUSED @ http://localhost:3000/@vite/client:1034
[  416421ms] [ERROR] WebSocket connection to 'ws://localhost:24678/' failed: Error in connection establishment: net::ERR_CONNECTION_REFUSED @ http://localhost:3000/@vite/client:1034
[  417454ms] [ERROR] WebSocket connection to 'ws://localhost:24678/' failed: Error in connection establishment: net::ERR_CONNECTION_REFUSED @ http://localhost:3000/@vite/client:1034
[  418478ms] [ERROR] WebSocket connection to 'ws://localhost:24678/' failed: Error in connection establishment: net::ERR_CONNECTION_REFUSED @ http://localhost:3000/@vite/client:1034
[  419503ms] [ERROR] WebSocket connection to 'ws://localhost:24678/' failed: Error in connection establishment: net::ERR_CONNECTION_REFUSED @ http://localhost:3000/@vite/client:1034
[  420526ms] [ERROR] WebSocket connection to 'ws://localhost:24678/' failed: Error in connection establishment: net::ERR_CONNECTION_REFUSED @ http://localhost:3000/@vite/client:1034
[  421549ms] [ERROR] WebSocket connection to 'ws://localhost:24678/' failed: Error in connection establishment: net::ERR_CONNECTION_REFUSED @ http://localhost:3000/@vite/client:1034
[  422572ms] [ERROR] WebSocket connection to 'ws://localhost:24678/' failed: Error in connection establishment: net::ERR_CONNECTION_REFUSED @ http://localhost:3000/@vite/client:1034
