[   10151ms] [INFO] %cDownload the React DevTools for a better development experience: https://react.dev/link/react-devtools font-weight:bold @ http://localhost:3000/.vite-cache-v2/deps/react-dom_client.js?v=6d979b45:5
[   10583ms] [WARNING] [supabase] Missing VITE_SUPABASE_URL or VITE_SUPABASE_ANON_KEY — add them to .env.local (see .env.example). @ http://localhost:3000/src/lib/supabase-storage.js:23
[   70440ms] [INFO] %cDownload the React DevTools for a better development experience: https://react.dev/link/react-devtools font-weight:bold @ http://localhost:3000/.vite-cache-v2/deps/react-dom_client.js?v=6d979b45:5
[   70783ms] [WARNING] [supabase] Missing VITE_SUPABASE_URL or VITE_SUPABASE_ANON_KEY — add them to .env.local (see .env.example). @ http://localhost:3000/src/lib/supabase-storage.js:23
[  152089ms] [INFO] %cDownload the React DevTools for a better development experience: https://react.dev/link/react-devtools font-weight:bold @ http://localhost:3000/.vite-cache-v2/deps/react-dom_client.js?v=6d979b45:5
[  152370ms] [WARNING] [supabase] Missing VITE_SUPABASE_URL or VITE_SUPABASE_ANON_KEY — add them to .env.local (see .env.example). @ http://localhost:3000/src/lib/supabase-storage.js:23
[  525992ms] [INFO] %cDownload the React DevTools for a better development experience: https://react.dev/link/react-devtools font-weight:bold @ http://localhost:3000/.vite-cache-v2/deps/react-dom_client.js?v=6d979b45:5
[  526358ms] [WARNING] [supabase] Missing VITE_SUPABASE_URL or VITE_SUPABASE_ANON_KEY — add them to .env.local (see .env.example). @ http://localhost:3000/src/lib/supabase-storage.js:23
[  613414ms] [INFO] %cDownload the React DevTools for a better development experience: https://react.dev/link/react-devtools font-weight:bold @ http://localhost:3000/.vite-cache-v2/deps/react-dom_client.js?v=6d979b45:5
[  613998ms] [WARNING] [supabase] Missing VITE_SUPABASE_URL or VITE_SUPABASE_ANON_KEY — add them to .env.local (see .env.example). @ http://localhost:3000/src/lib/supabase-storage.js:23
[  919887ms] [INFO] %cDownload the React DevTools for a better development experience: https://react.dev/link/react-devtools font-weight:bold @ http://localhost:3000/.vite-cache-v2/deps/react-dom_client.js?v=6d979b45:5
[  920210ms] [WARNING] [supabase] Missing VITE_SUPABASE_URL or VITE_SUPABASE_ANON_KEY — add them to .env.local (see .env.example). @ http://localhost:3000/src/lib/supabase-storage.js:23
[ 1537060ms] [INFO] %cDownload the React DevTools for a better development experience: https://react.dev/link/react-devtools font-weight:bold @ http://localhost:3000/.vite-cache-v2/deps/react-dom_client.js?v=6d979b45:5
[ 1537192ms] [WARNING] [supabase] Missing VITE_SUPABASE_URL or VITE_SUPABASE_ANON_KEY — add them to .env.local (see .env.example). @ http://localhost:3000/src/lib/supabase-storage.js:23
[ 1545521ms] [INFO] %cDownload the React DevTools for a better development experience: https://react.dev/link/react-devtools font-weight:bold @ http://localhost:3000/.vite-cache-v2/deps/react-dom_client.js?v=6d979b45:5
[ 1545618ms] [WARNING] [supabase] Missing VITE_SUPABASE_URL or VITE_SUPABASE_ANON_KEY — add them to .env.local (see .env.example). @ http://localhost:3000/src/lib/supabase-storage.js:23
[ 1618535ms] [INFO] %cDownload the React DevTools for a better development experience: https://react.dev/link/react-devtools font-weight:bold @ http://localhost:3000/.vite-cache-v2/deps/react-dom_client.js?v=6d979b45:5
[ 1618597ms] [WARNING] [supabase] Missing VITE_SUPABASE_URL or VITE_SUPABASE_ANON_KEY — add them to .env.local (see .env.example). @ http://localhost:3000/src/lib/supabase-storage.js:23
[ 1747972ms] [INFO] %cDownload the React DevTools for a better development experience: https://react.dev/link/react-devtools font-weight:bold @ http://localhost:3000/.vite-cache-v2/deps/react-dom_client.js?v=6d979b45:5
[ 1748056ms] [WARNING] [supabase] Missing VITE_SUPABASE_URL or VITE_SUPABASE_ANON_KEY — add them to .env.local (see .env.example). @ http://localhost:3000/src/lib/supabase-storage.js:23
[ 1768690ms] [INFO] %cDownload the React DevTools for a better development experience: https://react.dev/link/react-devtools font-weight:bold @ http://localhost:3000/.vite-cache-v2/deps/react-dom_client.js?v=6d979b45:5
[ 1768779ms] [WARNING] [supabase] Missing VITE_SUPABASE_URL or VITE_SUPABASE_ANON_KEY — add them to .env.local (see .env.example). @ http://localhost:3000/src/lib/supabase-storage.js:23
[ 1784001ms] [INFO] %cDownload the React DevTools for a better development experience: https://react.dev/link/react-devtools font-weight:bold @ http://localhost:3000/.vite-cache-v2/deps/react-dom_client.js?v=6d979b45:5
[ 1784088ms] [WARNING] [supabase] Missing VITE_SUPABASE_URL or VITE_SUPABASE_ANON_KEY — add them to .env.local (see .env.example). @ http://localhost:3000/src/lib/supabase-storage.js:23
[ 1826308ms] [INFO] %cDownload the React DevTools for a better development experience: https://react.dev/link/react-devtools font-weight:bold @ http://localhost:3000/.vite-cache-v2/deps/react-dom_client.js?v=6d979b45:5
[ 1826385ms] [WARNING] [supabase] Missing VITE_SUPABASE_URL or VITE_SUPABASE_ANON_KEY — add them to .env.local (see .env.example). @ http://localhost:3000/src/lib/supabase-storage.js:23
[ 1854940ms] [INFO] %cDownload the React DevTools for a better development experience: https://react.dev/link/react-devtools font-weight:bold @ http://localhost:3000/.vite-cache-v2/deps/react-dom_client.js?v=6d979b45:5
[ 1855048ms] [WARNING] [supabase] Missing VITE_SUPABASE_URL or VITE_SUPABASE_ANON_KEY — add them to .env.local (see .env.example). @ http://localhost:3000/src/lib/supabase-storage.js:23
[ 1870702ms] [INFO] %cDownload the React DevTools for a better development experience: https://react.dev/link/react-devtools font-weight:bold @ http://localhost:3000/.vite-cache-v2/deps/react-dom_client.js?v=6d979b45:5
[ 1870762ms] [WARNING] [supabase] Missing VITE_SUPABASE_URL or VITE_SUPABASE_ANON_KEY — add them to .env.local (see .env.example). @ http://localhost:3000/src/lib/supabase-storage.js:23
[ 1895870ms] [INFO] %cDownload the React DevTools for a better development experience: https://react.dev/link/react-devtools font-weight:bold @ http://localhost:3000/.vite-cache-v2/deps/react-dom_client.js?v=6d979b45:5
[ 1895929ms] [WARNING] [supabase] Missing VITE_SUPABASE_URL or VITE_SUPABASE_ANON_KEY — add them to .env.local (see .env.example). @ http://localhost:3000/src/lib/supabase-storage.js:23
[ 5596506ms] [INFO] %cDownload the React DevTools for a better development experience: https://react.dev/link/react-devtools font-weight:bold @ http://localhost:3000/.vite-cache-v2/deps/react-dom_client.js?v=6d979b45:5
[ 5596948ms] [WARNING] [supabase] Missing VITE_SUPABASE_URL or VITE_SUPABASE_ANON_KEY — add them to .env.local (see .env.example). @ http://localhost:3000/src/lib/supabase-storage.js:23
[ 5621078ms] [INFO] %cDownload the React DevTools for a better development experience: https://react.dev/link/react-devtools font-weight:bold @ http://localhost:3000/.vite-cache-v2/deps/react-dom_client.js?v=6d979b45:5
[ 5621242ms] [WARNING] [supabase] Missing VITE_SUPABASE_URL or VITE_SUPABASE_ANON_KEY — add them to .env.local (see .env.example). @ http://localhost:3000/src/lib/supabase-storage.js:23
[ 5747107ms] [INFO] %cDownload the React DevTools for a better development experience: https://react.dev/link/react-devtools font-weight:bold @ http://localhost:3000/.vite-cache-v2/deps/react-dom_client.js?v=6d979b45:5
[ 5747349ms] [WARNING] [supabase] Missing VITE_SUPABASE_URL or VITE_SUPABASE_ANON_KEY — add them to .env.local (see .env.example). @ http://localhost:3000/src/lib/supabase-storage.js:23
[ 5986959ms] [INFO] %cDownload the React DevTools for a better development experience: https://react.dev/link/react-devtools font-weight:bold @ http://localhost:3000/.vite-cache-v2/deps/react-dom_client.js?v=6d979b45:5
[ 5987501ms] [WARNING] [supabase] Missing VITE_SUPABASE_URL or VITE_SUPABASE_ANON_KEY — add them to .env.local (see .env.example). @ http://localhost:3000/src/lib/supabase-storage.js:23
[ 6055337ms] [INFO] %cDownload the React DevTools for a better development experience: https://react.dev/link/react-devtools font-weight:bold @ http://localhost:3000/.vite-cache-v2/deps/react-dom_client.js?v=6d979b45:5
[ 6055775ms] [WARNING] [supabase] Missing VITE_SUPABASE_URL or VITE_SUPABASE_ANON_KEY — add them to .env.local (see .env.example). @ http://localhost:3000/src/lib/supabase-storage.js:23
[ 6158615ms] [INFO] %cDownload the React DevTools for a better development experience: https://react.dev/link/react-devtools font-weight:bold @ http://localhost:3000/.vite-cache-v2/deps/react-dom_client.js?v=6d979b45:5
[ 6158864ms] [WARNING] [supabase] Missing VITE_SUPABASE_URL or VITE_SUPABASE_ANON_KEY — add them to .env.local (see .env.example). @ http://localhost:3000/src/lib/supabase-storage.js:23
[ 6198677ms] [INFO] %cDownload the React DevTools for a better development experience: https://react.dev/link/react-devtools font-weight:bold @ http://localhost:3000/.vite-cache-v2/deps/react-dom_client.js?v=6d979b45:5
[ 6199281ms] [WARNING] [supabase] Missing VITE_SUPABASE_URL or VITE_SUPABASE_ANON_KEY — add them to .env.local (see .env.example). @ http://localhost:3000/src/lib/supabase-storage.js:23
[ 6271465ms] [INFO] %cDownload the React DevTools for a better development experience: https://react.dev/link/react-devtools font-weight:bold @ http://localhost:3000/.vite-cache-v2/deps/react-dom_client.js?v=6d979b45:5
[ 6272017ms] [WARNING] [supabase] Missing VITE_SUPABASE_URL or VITE_SUPABASE_ANON_KEY — add them to .env.local (see .env.example). @ http://localhost:3000/src/lib/supabase-storage.js:23
[ 6354919ms] [INFO] %cDownload the React DevTools for a better development experience: https://react.dev/link/react-devtools font-weight:bold @ http://localhost:3000/.vite-cache-v2/deps/react-dom_client.js?v=6d979b45:5
[ 6355944ms] [WARNING] [supabase] Missing VITE_SUPABASE_URL or VITE_SUPABASE_ANON_KEY — add them to .env.local (see .env.example). @ http://localhost:3000/src/lib/supabase-storage.js:23
[ 6369806ms] [INFO] %cDownload the React DevTools for a better development experience: https://react.dev/link/react-devtools font-weight:bold @ http://localhost:3000/.vite-cache-v2/deps/react-dom_client.js?v=6d979b45:5
[ 6369942ms] [WARNING] [supabase] Missing VITE_SUPABASE_URL or VITE_SUPABASE_ANON_KEY — add them to .env.local (see .env.example). @ http://localhost:3000/src/lib/supabase-storage.js:23
[ 6521262ms] [INFO] %cDownload the React DevTools for a better development experience: https://react.dev/link/react-devtools font-weight:bold @ http://localhost:3000/.vite-cache-v2/deps/react-dom_client.js?v=6d979b45:5
[ 6521482ms] [WARNING] [supabase] Missing VITE_SUPABASE_URL or VITE_SUPABASE_ANON_KEY — add them to .env.local (see .env.example). @ http://localhost:3000/src/lib/supabase-storage.js:23
[ 6631810ms] [INFO] %cDownload the React DevTools for a better development experience: https://react.dev/link/react-devtools font-weight:bold @ http://localhost:3000/.vite-cache-v2/deps/react-dom_client.js?v=6d979b45:5
[ 6632429ms] [WARNING] [supabase] Missing VITE_SUPABASE_URL or VITE_SUPABASE_ANON_KEY — add them to .env.local (see .env.example). @ http://localhost:3000/src/lib/supabase-storage.js:23
[ 6640283ms] [INFO] %cDownload the React DevTools for a better development experience: https://react.dev/link/react-devtools font-weight:bold @ http://localhost:3000/.vite-cache-v2/deps/react-dom_client.js?v=6d979b45:5
[ 6640469ms] [WARNING] [supabase] Missing VITE_SUPABASE_URL or VITE_SUPABASE_ANON_KEY — add them to .env.local (see .env.example). @ http://localhost:3000/src/lib/supabase-storage.js:23
[ 6908412ms] [INFO] %cDownload the React DevTools for a better development experience: https://react.dev/link/react-devtools font-weight:bold @ http://localhost:3000/.vite-cache-v2/deps/react-dom_client.js?v=6d979b45:5
[ 6908732ms] [WARNING] [supabase] Missing VITE_SUPABASE_URL or VITE_SUPABASE_ANON_KEY — add them to .env.local (see .env.example). @ http://localhost:3000/src/lib/supabase-storage.js:23
[ 6974875ms] [INFO] %cDownload the React DevTools for a better development experience: https://react.dev/link/react-devtools font-weight:bold @ http://localhost:3000/.vite-cache-v2/deps/react-dom_client.js?v=6d979b45:5
[ 6975265ms] [WARNING] [supabase] Missing VITE_SUPABASE_URL or VITE_SUPABASE_ANON_KEY — add them to .env.local (see .env.example). @ http://localhost:3000/src/lib/supabase-storage.js:23
[ 6984780ms] [INFO] %cDownload the React DevTools for a better development experience: https://react.dev/link/react-devtools font-weight:bold @ http://localhost:3000/.vite-cache-v2/deps/react-dom_client.js?v=6d979b45:5
[ 6984929ms] [WARNING] [supabase] Missing VITE_SUPABASE_URL or VITE_SUPABASE_ANON_KEY — add them to .env.local (see .env.example). @ http://localhost:3000/src/lib/supabase-storage.js:23
[ 6992879ms] [INFO] %cDownload the React DevTools for a better development experience: https://react.dev/link/react-devtools font-weight:bold @ http://localhost:3000/.vite-cache-v2/deps/react-dom_client.js?v=6d979b45:5
[ 6993029ms] [WARNING] [supabase] Missing VITE_SUPABASE_URL or VITE_SUPABASE_ANON_KEY — add them to .env.local (see .env.example). @ http://localhost:3000/src/lib/supabase-storage.js:23
