[     793ms] [INFO] %cDownload the React DevTools for a better development experience: https://react.dev/link/react-devtools font-weight:bold @ http://localhost:3000/.vite-cache-v2/deps/react-dom_client.js?v=1be822bb:5
[     888ms] [ERROR] Loading the font 'https://cdn.fontshare.com/wf/VFMK2COV3DN37JR7JQ4CAOJPZ7KWKNY7/ODD5YJNDLHZZB2MIT3DPVH4EIHAMZ34D/BSY64LPTT3OPLVKAZKL3AHKRWZ3D74AC.woff2' violates the following Content Security Policy directive: "font-src 'self' data: https://fonts.gstatic.com https://api.fontshare.com". The action has been blocked. @ http://localhost:3000/:0
[     892ms] [ERROR] Loading the font 'https://cdn.fontshare.com/wf/VFMK2COV3DN37JR7JQ4CAOJPZ7KWKNY7/ODD5YJNDLHZZB2MIT3DPVH4EIHAMZ34D/BSY64LPTT3OPLVKAZKL3AHKRWZ3D74AC.woff' violates the following Content Security Policy directive: "font-src 'self' data: https://fonts.gstatic.com https://api.fontshare.com". The action has been blocked. @ http://localhost:3000/:0
[     892ms] [ERROR] Loading the font 'https://cdn.fontshare.com/wf/VFMK2COV3DN37JR7JQ4CAOJPZ7KWKNY7/ODD5YJNDLHZZB2MIT3DPVH4EIHAMZ34D/BSY64LPTT3OPLVKAZKL3AHKRWZ3D74AC.ttf' violates the following Content Security Policy directive: "font-src 'self' data: https://fonts.gstatic.com https://api.fontshare.com". The action has been blocked. @ http://localhost:3000/:0
[     892ms] [ERROR] Loading the font 'https://cdn.fontshare.com/wf/2GQIT54GKQY3JRFTSHS4ARTRNRQISSAA/3CIP5EBHRRHE5FVQU3VFROPUERNDSTDF/JTSL5QESUXATU47LCPUNHZQBDDIWDOSW.woff2' violates the following Content Security Policy directive: "font-src 'self' data: https://fonts.gstatic.com https://api.fontshare.com". The action has been blocked. @ http://localhost:3000/:0
[     892ms] [ERROR] Loading the font 'https://cdn.fontshare.com/wf/2GQIT54GKQY3JRFTSHS4ARTRNRQISSAA/3CIP5EBHRRHE5FVQU3VFROPUERNDSTDF/JTSL5QESUXATU47LCPUNHZQBDDIWDOSW.woff' violates the following Content Security Policy directive: "font-src 'self' data: https://fonts.gstatic.com https://api.fontshare.com". The action has been blocked. @ http://localhost:3000/:0
[     893ms] [ERROR] Loading the font 'https://cdn.fontshare.com/wf/2GQIT54GKQY3JRFTSHS4ARTRNRQISSAA/3CIP5EBHRRHE5FVQU3VFROPUERNDSTDF/JTSL5QESUXATU47LCPUNHZQBDDIWDOSW.ttf' violates the following Content Security Policy directive: "font-src 'self' data: https://fonts.gstatic.com https://api.fontshare.com". The action has been blocked. @ http://localhost:3000/:0
[     893ms] [ERROR] Loading the font 'https://cdn.fontshare.com/wf/FPDAZ2S6SW4QMSRIIKNNGTPM6VIXYMKO/5HNPQ453FRLIQWV2FNOBUU3FKTDZQVSG/Z3MGHFHX6DCTLQ55LJYRJ5MDCZPMFZU6.woff2' violates the following Content Security Policy directive: "font-src 'self' data: https://fonts.gstatic.com https://api.fontshare.com". The action has been blocked. @ http://localhost:3000/:0
[     893ms] [ERROR] Loading the font 'https://cdn.fontshare.com/wf/FPDAZ2S6SW4QMSRIIKNNGTPM6VIXYMKO/5HNPQ453FRLIQWV2FNOBUU3FKTDZQVSG/Z3MGHFHX6DCTLQ55LJYRJ5MDCZPMFZU6.woff' violates the following Content Security Policy directive: "font-src 'self' data: https://fonts.gstatic.com https://api.fontshare.com". The action has been blocked. @ http://localhost:3000/:0
[     893ms] [ERROR] Loading the font 'https://cdn.fontshare.com/wf/FPDAZ2S6SW4QMSRIIKNNGTPM6VIXYMKO/5HNPQ453FRLIQWV2FNOBUU3FKTDZQVSG/Z3MGHFHX6DCTLQ55LJYRJ5MDCZPMFZU6.ttf' violates the following Content Security Policy directive: "font-src 'self' data: https://fonts.gstatic.com https://api.fontshare.com". The action has been blocked. @ http://localhost:3000/:0
[     893ms] [ERROR] Loading the font 'https://cdn.fontshare.com/wf/BFBSY7LX5W2U2EROCLVVTQP4VS7S4PC3/IIUX4FGTMD2LK2VWD3RVTAS4SSMUN7B5/53RZKGODFYDW3QHTIL7IPOWTBCSUEZK7.woff2' violates the following Content Security Policy directive: "font-src 'self' data: https://fonts.gstatic.com https://api.fontshare.com". The action has been blocked. @ http://localhost:3000/:0
[     893ms] [ERROR] Loading the font 'https://cdn.fontshare.com/wf/BFBSY7LX5W2U2EROCLVVTQP4VS7S4PC3/IIUX4FGTMD2LK2VWD3RVTAS4SSMUN7B5/53RZKGODFYDW3QHTIL7IPOWTBCSUEZK7.woff' violates the following Content Security Policy directive: "font-src 'self' data: https://fonts.gstatic.com https://api.fontshare.com". The action has been blocked. @ http://localhost:3000/:0
[     893ms] [ERROR] Loading the font 'https://cdn.fontshare.com/wf/BFBSY7LX5W2U2EROCLVVTQP4VS7S4PC3/IIUX4FGTMD2LK2VWD3RVTAS4SSMUN7B5/53RZKGODFYDW3QHTIL7IPOWTBCSUEZK7.ttf' violates the following Content Security Policy directive: "font-src 'self' data: https://fonts.gstatic.com https://api.fontshare.com". The action has been blocked. @ http://localhost:3000/:0
[     894ms] [ERROR] Loading the font 'https://cdn.fontshare.com/wf/MFQT7HFGCR2L5ULQTW6YXYZXXHMPKLJ3/YWQ244D6TACUX5JBKATPOW5I5MGJ3G73/7YY3ZAAE3TRV2LANYOLXNHTPHLXVWTKH.woff2' violates the following Content Security Policy directive: "font-src 'self' data: https://fonts.gstatic.com https://api.fontshare.com". The action has been blocked. @ http://localhost:3000/:0
[     894ms] [ERROR] Loading the font 'https://cdn.fontshare.com/wf/MFQT7HFGCR2L5ULQTW6YXYZXXHMPKLJ3/YWQ244D6TACUX5JBKATPOW5I5MGJ3G73/7YY3ZAAE3TRV2LANYOLXNHTPHLXVWTKH.woff' violates the following Content Security Policy directive: "font-src 'self' data: https://fonts.gstatic.com https://api.fontshare.com". The action has been blocked. @ http://localhost:3000/:0
[     894ms] [ERROR] Loading the font 'https://cdn.fontshare.com/wf/MFQT7HFGCR2L5ULQTW6YXYZXXHMPKLJ3/YWQ244D6TACUX5JBKATPOW5I5MGJ3G73/7YY3ZAAE3TRV2LANYOLXNHTPHLXVWTKH.ttf' violates the following Content Security Policy directive: "font-src 'self' data: https://fonts.gstatic.com https://api.fontshare.com". The action has been blocked. @ http://localhost:3000/:0
[     894ms] [ERROR] Loading the font 'https://cdn.fontshare.com/wf/3RZHWSNONLLWJK3RLPEKUZOMM56GO4LJ/BPDRY7AHVI3MCDXXVXTQQ76H3UXA63S3/SB2OEB6IKZPRR6JT4GFJ2TFT6HBB6AZN.woff2' violates the following Content Security Policy directive: "font-src 'self' data: https://fonts.gstatic.com https://api.fontshare.com". The action has been blocked. @ http://localhost:3000/:0
[     894ms] [ERROR] Loading the font 'https://cdn.fontshare.com/wf/3RZHWSNONLLWJK3RLPEKUZOMM56GO4LJ/BPDRY7AHVI3MCDXXVXTQQ76H3UXA63S3/SB2OEB6IKZPRR6JT4GFJ2TFT6HBB6AZN.woff' violates the following Content Security Policy directive: "font-src 'self' data: https://fonts.gstatic.com https://api.fontshare.com". The action has been blocked. @ http://localhost:3000/:0
[     894ms] [ERROR] Loading the font 'https://cdn.fontshare.com/wf/3RZHWSNONLLWJK3RLPEKUZOMM56GO4LJ/BPDRY7AHVI3MCDXXVXTQQ76H3UXA63S3/SB2OEB6IKZPRR6JT4GFJ2TFT6HBB6AZN.ttf' violates the following Content Security Policy directive: "font-src 'self' data: https://fonts.gstatic.com https://api.fontshare.com". The action has been blocked. @ http://localhost:3000/:0
[     895ms] [ERROR] Loading the font 'https://cdn.fontshare.com/wf/K46YRH762FH3QJ25IQM3VAXAKCHEXXW4/ISLWQPUZHZF33LRIOTBMFOJL57GBGQ4B/3ZLMEXZEQPLTEPMHTQDAUXP5ZZXCZAEN.woff2' violates the following Content Security Policy directive: "font-src 'self' data: https://fonts.gstatic.com https://api.fontshare.com". The action has been blocked. @ http://localhost:3000/:0
[     895ms] [ERROR] Loading the font 'https://cdn.fontshare.com/wf/K46YRH762FH3QJ25IQM3VAXAKCHEXXW4/ISLWQPUZHZF33LRIOTBMFOJL57GBGQ4B/3ZLMEXZEQPLTEPMHTQDAUXP5ZZXCZAEN.woff' violates the following Content Security Policy directive: "font-src 'self' data: https://fonts.gstatic.com https://api.fontshare.com". The action has been blocked. @ http://localhost:3000/:0
[     895ms] [ERROR] Loading the font 'https://cdn.fontshare.com/wf/K46YRH762FH3QJ25IQM3VAXAKCHEXXW4/ISLWQPUZHZF33LRIOTBMFOJL57GBGQ4B/3ZLMEXZEQPLTEPMHTQDAUXP5ZZXCZAEN.ttf' violates the following Content Security Policy directive: "font-src 'self' data: https://fonts.gstatic.com https://api.fontshare.com". The action has been blocked. @ http://localhost:3000/:0
[     895ms] [ERROR] Loading the font 'https://cdn.fontshare.com/wf/KWXO5X3YW4X7OLUMPO4X24HQJGJU7E2Q/VOWUQZS3YLP66ZHPTXAFSH6YACY4WJHT/NIQ54PVBBIWVK3PFSOIOUJSXIJ5WTNDP.woff2' violates the following Content Security Policy directive: "font-src 'self' data: https://fonts.gstatic.com https://api.fontshare.com". The action has been blocked. @ http://localhost:3000/:0
[     895ms] [ERROR] Loading the font 'https://cdn.fontshare.com/wf/KWXO5X3YW4X7OLUMPO4X24HQJGJU7E2Q/VOWUQZS3YLP66ZHPTXAFSH6YACY4WJHT/NIQ54PVBBIWVK3PFSOIOUJSXIJ5WTNDP.woff' violates the following Content Security Policy directive: "font-src 'self' data: https://fonts.gstatic.com https://api.fontshare.com". The action has been blocked. @ http://localhost:3000/:0
[     895ms] [ERROR] Loading the font 'https://cdn.fontshare.com/wf/KWXO5X3YW4X7OLUMPO4X24HQJGJU7E2Q/VOWUQZS3YLP66ZHPTXAFSH6YACY4WJHT/NIQ54PVBBIWVK3PFSOIOUJSXIJ5WTNDP.ttf' violates the following Content Security Policy directive: "font-src 'self' data: https://fonts.gstatic.com https://api.fontshare.com". The action has been blocked. @ http://localhost:3000/:0
[    1274ms] [WARNING] [supabase] Missing VITE_SUPABASE_URL or VITE_SUPABASE_ANON_KEY — add them to .env.local (see .env.example). @ http://localhost:3000/src/lib/supabase-storage.js:20
[    1276ms] [WARNING] [supabase] Missing VITE_SUPABASE_URL or VITE_SUPABASE_ANON_KEY — add them to .env.local (see .env.example). @ http://localhost:3000/src/lib/supabase-storage.js:20
[    1276ms] [WARNING] [supabase] Missing VITE_SUPABASE_URL or VITE_SUPABASE_ANON_KEY — add them to .env.local (see .env.example). @ http://localhost:3000/src/lib/supabase-storage.js:20
[    1281ms] [WARNING] [supabase] Missing VITE_SUPABASE_URL or VITE_SUPABASE_ANON_KEY — add them to .env.local (see .env.example). @ http://localhost:3000/src/lib/supabase-storage.js:20
[    1281ms] [WARNING] [supabase] Missing VITE_SUPABASE_URL or VITE_SUPABASE_ANON_KEY — add them to .env.local (see .env.example). @ http://localhost:3000/src/lib/supabase-storage.js:20
[    1281ms] [WARNING] [supabase] Missing VITE_SUPABASE_URL or VITE_SUPABASE_ANON_KEY — add them to .env.local (see .env.example). @ http://localhost:3000/src/lib/supabase-storage.js:20
[   13586ms] [ERROR] Loading the font 'https://cdn.fontshare.com/wf/VFMK2COV3DN37JR7JQ4CAOJPZ7KWKNY7/ODD5YJNDLHZZB2MIT3DPVH4EIHAMZ34D/BSY64LPTT3OPLVKAZKL3AHKRWZ3D74AC.woff2' violates the following Content Security Policy directive: "font-src 'self' data: https://fonts.gstatic.com https://api.fontshare.com". The action has been blocked. @ http://localhost:3000/:57
[   13587ms] [ERROR] Loading the font 'https://cdn.fontshare.com/wf/VFMK2COV3DN37JR7JQ4CAOJPZ7KWKNY7/ODD5YJNDLHZZB2MIT3DPVH4EIHAMZ34D/BSY64LPTT3OPLVKAZKL3AHKRWZ3D74AC.woff' violates the following Content Security Policy directive: "font-src 'self' data: https://fonts.gstatic.com https://api.fontshare.com". The action has been blocked. @ http://localhost:3000/:57
[   13587ms] [ERROR] Loading the font 'https://cdn.fontshare.com/wf/VFMK2COV3DN37JR7JQ4CAOJPZ7KWKNY7/ODD5YJNDLHZZB2MIT3DPVH4EIHAMZ34D/BSY64LPTT3OPLVKAZKL3AHKRWZ3D74AC.ttf' violates the following Content Security Policy directive: "font-src 'self' data: https://fonts.gstatic.com https://api.fontshare.com". The action has been blocked. @ http://localhost:3000/:57
[   13587ms] [ERROR] Loading the font 'https://cdn.fontshare.com/wf/2GQIT54GKQY3JRFTSHS4ARTRNRQISSAA/3CIP5EBHRRHE5FVQU3VFROPUERNDSTDF/JTSL5QESUXATU47LCPUNHZQBDDIWDOSW.woff2' violates the following Content Security Policy directive: "font-src 'self' data: https://fonts.gstatic.com https://api.fontshare.com". The action has been blocked. @ http://localhost:3000/:57
[   13587ms] [ERROR] Loading the font 'https://cdn.fontshare.com/wf/2GQIT54GKQY3JRFTSHS4ARTRNRQISSAA/3CIP5EBHRRHE5FVQU3VFROPUERNDSTDF/JTSL5QESUXATU47LCPUNHZQBDDIWDOSW.woff' violates the following Content Security Policy directive: "font-src 'self' data: https://fonts.gstatic.com https://api.fontshare.com". The action has been blocked. @ http://localhost:3000/:57
[   13588ms] [ERROR] Loading the font 'https://cdn.fontshare.com/wf/2GQIT54GKQY3JRFTSHS4ARTRNRQISSAA/3CIP5EBHRRHE5FVQU3VFROPUERNDSTDF/JTSL5QESUXATU47LCPUNHZQBDDIWDOSW.ttf' violates the following Content Security Policy directive: "font-src 'self' data: https://fonts.gstatic.com https://api.fontshare.com". The action has been blocked. @ http://localhost:3000/:57
[   13588ms] [ERROR] Loading the font 'https://cdn.fontshare.com/wf/FPDAZ2S6SW4QMSRIIKNNGTPM6VIXYMKO/5HNPQ453FRLIQWV2FNOBUU3FKTDZQVSG/Z3MGHFHX6DCTLQ55LJYRJ5MDCZPMFZU6.woff2' violates the following Content Security Policy directive: "font-src 'self' data: https://fonts.gstatic.com https://api.fontshare.com". The action has been blocked. @ http://localhost:3000/:57
[   13588ms] [ERROR] Loading the font 'https://cdn.fontshare.com/wf/FPDAZ2S6SW4QMSRIIKNNGTPM6VIXYMKO/5HNPQ453FRLIQWV2FNOBUU3FKTDZQVSG/Z3MGHFHX6DCTLQ55LJYRJ5MDCZPMFZU6.woff' violates the following Content Security Policy directive: "font-src 'self' data: https://fonts.gstatic.com https://api.fontshare.com". The action has been blocked. @ http://localhost:3000/:57
[   13588ms] [ERROR] Loading the font 'https://cdn.fontshare.com/wf/FPDAZ2S6SW4QMSRIIKNNGTPM6VIXYMKO/5HNPQ453FRLIQWV2FNOBUU3FKTDZQVSG/Z3MGHFHX6DCTLQ55LJYRJ5MDCZPMFZU6.ttf' violates the following Content Security Policy directive: "font-src 'self' data: https://fonts.gstatic.com https://api.fontshare.com". The action has been blocked. @ http://localhost:3000/:57
[   13588ms] [ERROR] Loading the font 'https://cdn.fontshare.com/wf/BFBSY7LX5W2U2EROCLVVTQP4VS7S4PC3/IIUX4FGTMD2LK2VWD3RVTAS4SSMUN7B5/53RZKGODFYDW3QHTIL7IPOWTBCSUEZK7.woff2' violates the following Content Security Policy directive: "font-src 'self' data: https://fonts.gstatic.com https://api.fontshare.com". The action has been blocked. @ http://localhost:3000/:57
[   13588ms] [ERROR] Loading the font 'https://cdn.fontshare.com/wf/BFBSY7LX5W2U2EROCLVVTQP4VS7S4PC3/IIUX4FGTMD2LK2VWD3RVTAS4SSMUN7B5/53RZKGODFYDW3QHTIL7IPOWTBCSUEZK7.woff' violates the following Content Security Policy directive: "font-src 'self' data: https://fonts.gstatic.com https://api.fontshare.com". The action has been blocked. @ http://localhost:3000/:57
[   13588ms] [ERROR] Loading the font 'https://cdn.fontshare.com/wf/BFBSY7LX5W2U2EROCLVVTQP4VS7S4PC3/IIUX4FGTMD2LK2VWD3RVTAS4SSMUN7B5/53RZKGODFYDW3QHTIL7IPOWTBCSUEZK7.ttf' violates the following Content Security Policy directive: "font-src 'self' data: https://fonts.gstatic.com https://api.fontshare.com". The action has been blocked. @ http://localhost:3000/:57
[   13588ms] [ERROR] Loading the font 'https://cdn.fontshare.com/wf/MFQT7HFGCR2L5ULQTW6YXYZXXHMPKLJ3/YWQ244D6TACUX5JBKATPOW5I5MGJ3G73/7YY3ZAAE3TRV2LANYOLXNHTPHLXVWTKH.woff2' violates the following Content Security Policy directive: "font-src 'self' data: https://fonts.gstatic.com https://api.fontshare.com". The action has been blocked. @ http://localhost:3000/:57
[   13589ms] [ERROR] Loading the font 'https://cdn.fontshare.com/wf/MFQT7HFGCR2L5ULQTW6YXYZXXHMPKLJ3/YWQ244D6TACUX5JBKATPOW5I5MGJ3G73/7YY3ZAAE3TRV2LANYOLXNHTPHLXVWTKH.woff' violates the following Content Security Policy directive: "font-src 'self' data: https://fonts.gstatic.com https://api.fontshare.com". The action has been blocked. @ http://localhost:3000/:57
[   13589ms] [ERROR] Loading the font 'https://cdn.fontshare.com/wf/MFQT7HFGCR2L5ULQTW6YXYZXXHMPKLJ3/YWQ244D6TACUX5JBKATPOW5I5MGJ3G73/7YY3ZAAE3TRV2LANYOLXNHTPHLXVWTKH.ttf' violates the following Content Security Policy directive: "font-src 'self' data: https://fonts.gstatic.com https://api.fontshare.com". The action has been blocked. @ http://localhost:3000/:57
[   13589ms] [ERROR] Loading the font 'https://cdn.fontshare.com/wf/3RZHWSNONLLWJK3RLPEKUZOMM56GO4LJ/BPDRY7AHVI3MCDXXVXTQQ76H3UXA63S3/SB2OEB6IKZPRR6JT4GFJ2TFT6HBB6AZN.woff2' violates the following Content Security Policy directive: "font-src 'self' data: https://fonts.gstatic.com https://api.fontshare.com". The action has been blocked. @ http://localhost:3000/:57
[   13589ms] [ERROR] Loading the font 'https://cdn.fontshare.com/wf/3RZHWSNONLLWJK3RLPEKUZOMM56GO4LJ/BPDRY7AHVI3MCDXXVXTQQ76H3UXA63S3/SB2OEB6IKZPRR6JT4GFJ2TFT6HBB6AZN.woff' violates the following Content Security Policy directive: "font-src 'self' data: https://fonts.gstatic.com https://api.fontshare.com". The action has been blocked. @ http://localhost:3000/:57
[   13589ms] [ERROR] Loading the font 'https://cdn.fontshare.com/wf/3RZHWSNONLLWJK3RLPEKUZOMM56GO4LJ/BPDRY7AHVI3MCDXXVXTQQ76H3UXA63S3/SB2OEB6IKZPRR6JT4GFJ2TFT6HBB6AZN.ttf' violates the following Content Security Policy directive: "font-src 'self' data: https://fonts.gstatic.com https://api.fontshare.com". The action has been blocked. @ http://localhost:3000/:57
[   13589ms] [ERROR] Loading the font 'https://cdn.fontshare.com/wf/K46YRH762FH3QJ25IQM3VAXAKCHEXXW4/ISLWQPUZHZF33LRIOTBMFOJL57GBGQ4B/3ZLMEXZEQPLTEPMHTQDAUXP5ZZXCZAEN.woff2' violates the following Content Security Policy directive: "font-src 'self' data: https://fonts.gstatic.com https://api.fontshare.com". The action has been blocked. @ http://localhost:3000/:57
[   13589ms] [ERROR] Loading the font 'https://cdn.fontshare.com/wf/K46YRH762FH3QJ25IQM3VAXAKCHEXXW4/ISLWQPUZHZF33LRIOTBMFOJL57GBGQ4B/3ZLMEXZEQPLTEPMHTQDAUXP5ZZXCZAEN.woff' violates the following Content Security Policy directive: "font-src 'self' data: https://fonts.gstatic.com https://api.fontshare.com". The action has been blocked. @ http://localhost:3000/:57
[   13589ms] [ERROR] Loading the font 'https://cdn.fontshare.com/wf/K46YRH762FH3QJ25IQM3VAXAKCHEXXW4/ISLWQPUZHZF33LRIOTBMFOJL57GBGQ4B/3ZLMEXZEQPLTEPMHTQDAUXP5ZZXCZAEN.ttf' violates the following Content Security Policy directive: "font-src 'self' data: https://fonts.gstatic.com https://api.fontshare.com". The action has been blocked. @ http://localhost:3000/:57
[   13590ms] [ERROR] Loading the font 'https://cdn.fontshare.com/wf/KWXO5X3YW4X7OLUMPO4X24HQJGJU7E2Q/VOWUQZS3YLP66ZHPTXAFSH6YACY4WJHT/NIQ54PVBBIWVK3PFSOIOUJSXIJ5WTNDP.woff2' violates the following Content Security Policy directive: "font-src 'self' data: https://fonts.gstatic.com https://api.fontshare.com". The action has been blocked. @ http://localhost:3000/:57
[   13590ms] [ERROR] Loading the font 'https://cdn.fontshare.com/wf/KWXO5X3YW4X7OLUMPO4X24HQJGJU7E2Q/VOWUQZS3YLP66ZHPTXAFSH6YACY4WJHT/NIQ54PVBBIWVK3PFSOIOUJSXIJ5WTNDP.woff' violates the following Content Security Policy directive: "font-src 'self' data: https://fonts.gstatic.com https://api.fontshare.com". The action has been blocked. @ http://localhost:3000/:57
[   13590ms] [ERROR] Loading the font 'https://cdn.fontshare.com/wf/KWXO5X3YW4X7OLUMPO4X24HQJGJU7E2Q/VOWUQZS3YLP66ZHPTXAFSH6YACY4WJHT/NIQ54PVBBIWVK3PFSOIOUJSXIJ5WTNDP.ttf' violates the following Content Security Policy directive: "font-src 'self' data: https://fonts.gstatic.com https://api.fontshare.com". The action has been blocked. @ http://localhost:3000/:57
[   15749ms] [INFO] %cDownload the React DevTools for a better development experience: https://react.dev/link/react-devtools font-weight:bold @ http://localhost:3000/.vite-cache-v2/deps/react-dom_client.js?v=1be822bb:5
[   15930ms] [WARNING] [supabase] Missing VITE_SUPABASE_URL or VITE_SUPABASE_ANON_KEY — add them to .env.local (see .env.example). @ http://localhost:3000/src/lib/supabase-storage.js:20
[   15931ms] [WARNING] [supabase] Missing VITE_SUPABASE_URL or VITE_SUPABASE_ANON_KEY — add them to .env.local (see .env.example). @ http://localhost:3000/src/lib/supabase-storage.js:20
[   15931ms] [WARNING] [supabase] Missing VITE_SUPABASE_URL or VITE_SUPABASE_ANON_KEY — add them to .env.local (see .env.example). @ http://localhost:3000/src/lib/supabase-storage.js:20
[   15932ms] [WARNING] [supabase] Missing VITE_SUPABASE_URL or VITE_SUPABASE_ANON_KEY — add them to .env.local (see .env.example). @ http://localhost:3000/src/lib/supabase-storage.js:20
[   15932ms] [WARNING] [supabase] Missing VITE_SUPABASE_URL or VITE_SUPABASE_ANON_KEY — add them to .env.local (see .env.example). @ http://localhost:3000/src/lib/supabase-storage.js:20
[   15932ms] [WARNING] [supabase] Missing VITE_SUPABASE_URL or VITE_SUPABASE_ANON_KEY — add them to .env.local (see .env.example). @ http://localhost:3000/src/lib/supabase-storage.js:20
[   21574ms] [ERROR] Loading the font 'https://cdn.fontshare.com/wf/VFMK2COV3DN37JR7JQ4CAOJPZ7KWKNY7/ODD5YJNDLHZZB2MIT3DPVH4EIHAMZ34D/BSY64LPTT3OPLVKAZKL3AHKRWZ3D74AC.woff2' violates the following Content Security Policy directive: "font-src 'self' data: https://fonts.gstatic.com https://api.fontshare.com". The action has been blocked. @ http://localhost:3000/:57
[   21574ms] [ERROR] Loading the font 'https://cdn.fontshare.com/wf/VFMK2COV3DN37JR7JQ4CAOJPZ7KWKNY7/ODD5YJNDLHZZB2MIT3DPVH4EIHAMZ34D/BSY64LPTT3OPLVKAZKL3AHKRWZ3D74AC.woff' violates the following Content Security Policy directive: "font-src 'self' data: https://fonts.gstatic.com https://api.fontshare.com". The action has been blocked. @ http://localhost:3000/:57
[   21574ms] [ERROR] Loading the font 'https://cdn.fontshare.com/wf/VFMK2COV3DN37JR7JQ4CAOJPZ7KWKNY7/ODD5YJNDLHZZB2MIT3DPVH4EIHAMZ34D/BSY64LPTT3OPLVKAZKL3AHKRWZ3D74AC.ttf' violates the following Content Security Policy directive: "font-src 'self' data: https://fonts.gstatic.com https://api.fontshare.com". The action has been blocked. @ http://localhost:3000/:57
[   21574ms] [ERROR] Loading the font 'https://cdn.fontshare.com/wf/2GQIT54GKQY3JRFTSHS4ARTRNRQISSAA/3CIP5EBHRRHE5FVQU3VFROPUERNDSTDF/JTSL5QESUXATU47LCPUNHZQBDDIWDOSW.woff2' violates the following Content Security Policy directive: "font-src 'self' data: https://fonts.gstatic.com https://api.fontshare.com". The action has been blocked. @ http://localhost:3000/:57
[   21574ms] [ERROR] Loading the font 'https://cdn.fontshare.com/wf/2GQIT54GKQY3JRFTSHS4ARTRNRQISSAA/3CIP5EBHRRHE5FVQU3VFROPUERNDSTDF/JTSL5QESUXATU47LCPUNHZQBDDIWDOSW.woff' violates the following Content Security Policy directive: "font-src 'self' data: https://fonts.gstatic.com https://api.fontshare.com". The action has been blocked. @ http://localhost:3000/:57
[   21574ms] [ERROR] Loading the font 'https://cdn.fontshare.com/wf/2GQIT54GKQY3JRFTSHS4ARTRNRQISSAA/3CIP5EBHRRHE5FVQU3VFROPUERNDSTDF/JTSL5QESUXATU47LCPUNHZQBDDIWDOSW.ttf' violates the following Content Security Policy directive: "font-src 'self' data: https://fonts.gstatic.com https://api.fontshare.com". The action has been blocked. @ http://localhost:3000/:57
[   21574ms] [ERROR] Loading the font 'https://cdn.fontshare.com/wf/FPDAZ2S6SW4QMSRIIKNNGTPM6VIXYMKO/5HNPQ453FRLIQWV2FNOBUU3FKTDZQVSG/Z3MGHFHX6DCTLQ55LJYRJ5MDCZPMFZU6.woff2' violates the following Content Security Policy directive: "font-src 'self' data: https://fonts.gstatic.com https://api.fontshare.com". The action has been blocked. @ http://localhost:3000/:57
[   21575ms] [ERROR] Loading the font 'https://cdn.fontshare.com/wf/FPDAZ2S6SW4QMSRIIKNNGTPM6VIXYMKO/5HNPQ453FRLIQWV2FNOBUU3FKTDZQVSG/Z3MGHFHX6DCTLQ55LJYRJ5MDCZPMFZU6.woff' violates the following Content Security Policy directive: "font-src 'self' data: https://fonts.gstatic.com https://api.fontshare.com". The action has been blocked. @ http://localhost:3000/:57
[   21575ms] [ERROR] Loading the font 'https://cdn.fontshare.com/wf/FPDAZ2S6SW4QMSRIIKNNGTPM6VIXYMKO/5HNPQ453FRLIQWV2FNOBUU3FKTDZQVSG/Z3MGHFHX6DCTLQ55LJYRJ5MDCZPMFZU6.ttf' violates the following Content Security Policy directive: "font-src 'self' data: https://fonts.gstatic.com https://api.fontshare.com". The action has been blocked. @ http://localhost:3000/:57
[   21575ms] [ERROR] Loading the font 'https://cdn.fontshare.com/wf/BFBSY7LX5W2U2EROCLVVTQP4VS7S4PC3/IIUX4FGTMD2LK2VWD3RVTAS4SSMUN7B5/53RZKGODFYDW3QHTIL7IPOWTBCSUEZK7.woff2' violates the following Content Security Policy directive: "font-src 'self' data: https://fonts.gstatic.com https://api.fontshare.com". The action has been blocked. @ http://localhost:3000/:57
[   21575ms] [ERROR] Loading the font 'https://cdn.fontshare.com/wf/BFBSY7LX5W2U2EROCLVVTQP4VS7S4PC3/IIUX4FGTMD2LK2VWD3RVTAS4SSMUN7B5/53RZKGODFYDW3QHTIL7IPOWTBCSUEZK7.woff' violates the following Content Security Policy directive: "font-src 'self' data: https://fonts.gstatic.com https://api.fontshare.com". The action has been blocked. @ http://localhost:3000/:57
[   21575ms] [ERROR] Loading the font 'https://cdn.fontshare.com/wf/BFBSY7LX5W2U2EROCLVVTQP4VS7S4PC3/IIUX4FGTMD2LK2VWD3RVTAS4SSMUN7B5/53RZKGODFYDW3QHTIL7IPOWTBCSUEZK7.ttf' violates the following Content Security Policy directive: "font-src 'self' data: https://fonts.gstatic.com https://api.fontshare.com". The action has been blocked. @ http://localhost:3000/:57
[   21575ms] [ERROR] Loading the font 'https://cdn.fontshare.com/wf/MFQT7HFGCR2L5ULQTW6YXYZXXHMPKLJ3/YWQ244D6TACUX5JBKATPOW5I5MGJ3G73/7YY3ZAAE3TRV2LANYOLXNHTPHLXVWTKH.woff2' violates the following Content Security Policy directive: "font-src 'self' data: https://fonts.gstatic.com https://api.fontshare.com". The action has been blocked. @ http://localhost:3000/:57
[   21575ms] [ERROR] Loading the font 'https://cdn.fontshare.com/wf/MFQT7HFGCR2L5ULQTW6YXYZXXHMPKLJ3/YWQ244D6TACUX5JBKATPOW5I5MGJ3G73/7YY3ZAAE3TRV2LANYOLXNHTPHLXVWTKH.woff' violates the following Content Security Policy directive: "font-src 'self' data: https://fonts.gstatic.com https://api.fontshare.com". The action has been blocked. @ http://localhost:3000/:57
[   21575ms] [ERROR] Loading the font 'https://cdn.fontshare.com/wf/MFQT7HFGCR2L5ULQTW6YXYZXXHMPKLJ3/YWQ244D6TACUX5JBKATPOW5I5MGJ3G73/7YY3ZAAE3TRV2LANYOLXNHTPHLXVWTKH.ttf' violates the following Content Security Policy directive: "font-src 'self' data: https://fonts.gstatic.com https://api.fontshare.com". The action has been blocked. @ http://localhost:3000/:57
[   21575ms] [ERROR] Loading the font 'https://cdn.fontshare.com/wf/3RZHWSNONLLWJK3RLPEKUZOMM56GO4LJ/BPDRY7AHVI3MCDXXVXTQQ76H3UXA63S3/SB2OEB6IKZPRR6JT4GFJ2TFT6HBB6AZN.woff2' violates the following Content Security Policy directive: "font-src 'self' data: https://fonts.gstatic.com https://api.fontshare.com". The action has been blocked. @ http://localhost:3000/:57
[   21575ms] [ERROR] Loading the font 'https://cdn.fontshare.com/wf/3RZHWSNONLLWJK3RLPEKUZOMM56GO4LJ/BPDRY7AHVI3MCDXXVXTQQ76H3UXA63S3/SB2OEB6IKZPRR6JT4GFJ2TFT6HBB6AZN.woff' violates the following Content Security Policy directive: "font-src 'self' data: https://fonts.gstatic.com https://api.fontshare.com". The action has been blocked. @ http://localhost:3000/:57
[   21575ms] [ERROR] Loading the font 'https://cdn.fontshare.com/wf/3RZHWSNONLLWJK3RLPEKUZOMM56GO4LJ/BPDRY7AHVI3MCDXXVXTQQ76H3UXA63S3/SB2OEB6IKZPRR6JT4GFJ2TFT6HBB6AZN.ttf' violates the following Content Security Policy directive: "font-src 'self' data: https://fonts.gstatic.com https://api.fontshare.com". The action has been blocked. @ http://localhost:3000/:57
[   21575ms] [ERROR] Loading the font 'https://cdn.fontshare.com/wf/K46YRH762FH3QJ25IQM3VAXAKCHEXXW4/ISLWQPUZHZF33LRIOTBMFOJL57GBGQ4B/3ZLMEXZEQPLTEPMHTQDAUXP5ZZXCZAEN.woff2' violates the following Content Security Policy directive: "font-src 'self' data: https://fonts.gstatic.com https://api.fontshare.com". The action has been blocked. @ http://localhost:3000/:57
[   21576ms] [ERROR] Loading the font 'https://cdn.fontshare.com/wf/K46YRH762FH3QJ25IQM3VAXAKCHEXXW4/ISLWQPUZHZF33LRIOTBMFOJL57GBGQ4B/3ZLMEXZEQPLTEPMHTQDAUXP5ZZXCZAEN.woff' violates the following Content Security Policy directive: "font-src 'self' data: https://fonts.gstatic.com https://api.fontshare.com". The action has been blocked. @ http://localhost:3000/:57
[   21576ms] [ERROR] Loading the font 'https://cdn.fontshare.com/wf/K46YRH762FH3QJ25IQM3VAXAKCHEXXW4/ISLWQPUZHZF33LRIOTBMFOJL57GBGQ4B/3ZLMEXZEQPLTEPMHTQDAUXP5ZZXCZAEN.ttf' violates the following Content Security Policy directive: "font-src 'self' data: https://fonts.gstatic.com https://api.fontshare.com". The action has been blocked. @ http://localhost:3000/:57
[   21576ms] [ERROR] Loading the font 'https://cdn.fontshare.com/wf/KWXO5X3YW4X7OLUMPO4X24HQJGJU7E2Q/VOWUQZS3YLP66ZHPTXAFSH6YACY4WJHT/NIQ54PVBBIWVK3PFSOIOUJSXIJ5WTNDP.woff2' violates the following Content Security Policy directive: "font-src 'self' data: https://fonts.gstatic.com https://api.fontshare.com". The action has been blocked. @ http://localhost:3000/:57
[   21576ms] [ERROR] Loading the font 'https://cdn.fontshare.com/wf/KWXO5X3YW4X7OLUMPO4X24HQJGJU7E2Q/VOWUQZS3YLP66ZHPTXAFSH6YACY4WJHT/NIQ54PVBBIWVK3PFSOIOUJSXIJ5WTNDP.woff' violates the following Content Security Policy directive: "font-src 'self' data: https://fonts.gstatic.com https://api.fontshare.com". The action has been blocked. @ http://localhost:3000/:57
[   21576ms] [ERROR] Loading the font 'https://cdn.fontshare.com/wf/KWXO5X3YW4X7OLUMPO4X24HQJGJU7E2Q/VOWUQZS3YLP66ZHPTXAFSH6YACY4WJHT/NIQ54PVBBIWVK3PFSOIOUJSXIJ5WTNDP.ttf' violates the following Content Security Policy directive: "font-src 'self' data: https://fonts.gstatic.com https://api.fontshare.com". The action has been blocked. @ http://localhost:3000/:57
[   22592ms] [INFO] %cDownload the React DevTools for a better development experience: https://react.dev/link/react-devtools font-weight:bold @ http://localhost:3000/.vite-cache-v2/deps/react-dom_client.js?v=1be822bb:5
[   22634ms] [WARNING] [supabase] Missing VITE_SUPABASE_URL or VITE_SUPABASE_ANON_KEY — add them to .env.local (see .env.example). @ http://localhost:3000/src/lib/supabase-storage.js:20
[   22634ms] [WARNING] [supabase] Missing VITE_SUPABASE_URL or VITE_SUPABASE_ANON_KEY — add them to .env.local (see .env.example). @ http://localhost:3000/src/lib/supabase-storage.js:20
[   22634ms] [WARNING] [supabase] Missing VITE_SUPABASE_URL or VITE_SUPABASE_ANON_KEY — add them to .env.local (see .env.example). @ http://localhost:3000/src/lib/supabase-storage.js:20
[   22635ms] [WARNING] [supabase] Missing VITE_SUPABASE_URL or VITE_SUPABASE_ANON_KEY — add them to .env.local (see .env.example). @ http://localhost:3000/src/lib/supabase-storage.js:20
[   22635ms] [WARNING] [supabase] Missing VITE_SUPABASE_URL or VITE_SUPABASE_ANON_KEY — add them to .env.local (see .env.example). @ http://localhost:3000/src/lib/supabase-storage.js:20
[   22635ms] [WARNING] [supabase] Missing VITE_SUPABASE_URL or VITE_SUPABASE_ANON_KEY — add them to .env.local (see .env.example). @ http://localhost:3000/src/lib/supabase-storage.js:20
[   25123ms] [LOG] [vite] server connection lost. Polling for restart... @ http://localhost:3000/@vite/client:963
[   25128ms] [ERROR] WebSocket connection to 'ws://localhost:24678/' failed: Error in connection establishment: net::ERR_CONNECTION_REFUSED @ http://localhost:3000/@vite/client:1034
[   26149ms] [ERROR] WebSocket connection to 'ws://localhost:24678/' failed: Error in connection establishment: net::ERR_CONNECTION_REFUSED @ http://localhost:3000/@vite/client:1034
[   27178ms] [ERROR] WebSocket connection to 'ws://localhost:24678/' failed: Error in connection establishment: net::ERR_CONNECTION_REFUSED @ http://localhost:3000/@vite/client:1034
[   28194ms] [ERROR] WebSocket connection to 'ws://localhost:24678/' failed: Error in connection establishment: net::ERR_CONNECTION_REFUSED @ http://localhost:3000/@vite/client:1034
[   29203ms] [ERROR] WebSocket connection to 'ws://localhost:24678/' failed: Error in connection establishment: net::ERR_CONNECTION_REFUSED @ http://localhost:3000/@vite/client:1034
[   30214ms] [ERROR] WebSocket connection to 'ws://localhost:24678/' failed: Error in connection establishment: net::ERR_CONNECTION_REFUSED @ http://localhost:3000/@vite/client:1034
[   31218ms] [ERROR] WebSocket connection to 'ws://localhost:24678/' failed: Error in connection establishment: net::ERR_CONNECTION_REFUSED @ http://localhost:3000/@vite/client:1034
[   32229ms] [ERROR] WebSocket connection to 'ws://localhost:24678/' failed: Error in connection establishment: net::ERR_CONNECTION_REFUSED @ http://localhost:3000/@vite/client:1034
[   33247ms] [ERROR] WebSocket connection to 'ws://localhost:24678/' failed: Error in connection establishment: net::ERR_CONNECTION_REFUSED @ http://localhost:3000/@vite/client:1034
[   34251ms] [ERROR] WebSocket connection to 'ws://localhost:24678/' failed: Error in connection establishment: net::ERR_CONNECTION_REFUSED @ http://localhost:3000/@vite/client:1034
[   35261ms] [ERROR] WebSocket connection to 'ws://localhost:24678/' failed: Error in connection establishment: net::ERR_CONNECTION_REFUSED @ http://localhost:3000/@vite/client:1034
[   36265ms] [ERROR] WebSocket connection to 'ws://localhost:24678/' failed: Error in connection establishment: net::ERR_CONNECTION_REFUSED @ http://localhost:3000/@vite/client:1034
[   37268ms] [ERROR] WebSocket connection to 'ws://localhost:24678/' failed: Error in connection establishment: net::ERR_CONNECTION_REFUSED @ http://localhost:3000/@vite/client:1034
[   50210ms] [INFO] %cDownload the React DevTools for a better development experience: https://react.dev/link/react-devtools font-weight:bold @ http://localhost:3000/.vite-cache-v2/deps/react-dom_client.js?v=1be822bb:5
[   50296ms] [WARNING] [supabase] Missing VITE_SUPABASE_URL or VITE_SUPABASE_ANON_KEY — add them to .env.local (see .env.example). @ http://localhost:3000/src/lib/supabase-storage.js:20
[   50297ms] [WARNING] [supabase] Missing VITE_SUPABASE_URL or VITE_SUPABASE_ANON_KEY — add them to .env.local (see .env.example). @ http://localhost:3000/src/lib/supabase-storage.js:20
[   50297ms] [WARNING] [supabase] Missing VITE_SUPABASE_URL or VITE_SUPABASE_ANON_KEY — add them to .env.local (see .env.example). @ http://localhost:3000/src/lib/supabase-storage.js:20
[   50298ms] [WARNING] [supabase] Missing VITE_SUPABASE_URL or VITE_SUPABASE_ANON_KEY — add them to .env.local (see .env.example). @ http://localhost:3000/src/lib/supabase-storage.js:20
[   50298ms] [WARNING] [supabase] Missing VITE_SUPABASE_URL or VITE_SUPABASE_ANON_KEY — add them to .env.local (see .env.example). @ http://localhost:3000/src/lib/supabase-storage.js:20
[   50298ms] [WARNING] [supabase] Missing VITE_SUPABASE_URL or VITE_SUPABASE_ANON_KEY — add them to .env.local (see .env.example). @ http://localhost:3000/src/lib/supabase-storage.js:20
